<html>
<body>
<pre>
<h1>µVision Build Log</h1>
<h2>Project:</h2>
C:\Users\Student\Documents\lab 7\lab 7.uvproj
Project File Date:  03/01/2024

<h2>Output:</h2>
Build target 'Target 1'
linking...
Program Size: Code=1732 RO-data=236 RW-data=60 ZI-data=612  
FromELF: creating hex file...
".\lab 7.axf" - 0 Error(s), 0 Warning(s).
 - 0 Error(s), 0 Warning(s).
LPC17xx.c...
linking...
Program Size: Code=1732 RO-data=236 RW-data=60 ZI-data=612  
".\lab 7.axf" - 0 Error(s), 1 Warning(s).
compiling lab 7.c...
lab 7.c(76): warning:  #1-D: last line of file ends without a newline
  }
lab 7.c: 1 warning, 0 errors
"lab 7.c" - 0 Error(s), 1 Warning(s).
compiling lab 7.c...
"lab 7.c" - 0 Error(s), 0 Warning(s).
